// Jest Snapshot v1, https://goo.gl/fbAQLP

exports[`<Entry /> renders correctly 1`] = `
<div
  aria-disabled={false}
  className="MuiButtonBase-root MuiListItem-root MuiListItem-dense MuiListItem-gutters MuiListItem-button"
  onBlur={[Function]}
  onClick={[MockFunction]}
  onDragLeave={[Function]}
  onFocus={[Function]}
  onKeyDown={[Function]}
  onKeyUp={[Function]}
  onMouseDown={[Function]}
  onMouseLeave={[Function]}
  onMouseUp={[Function]}
  onTouchEnd={[Function]}
  onTouchMove={[Function]}
  onTouchStart={[Function]}
  role="button"
  tabIndex={0}
>
  <div
    className="MuiListItemIcon-root makeStyles-wrapper-2"
  >
    <div />
  </div>
  <div
    className="MuiListItemText-root MuiListItemText-dense"
  >
    <p
      aria-describedby={null}
      className="MuiTypography-root MuiTypography-body2 MuiTypography-noWrap"
      onBlur={[Function]}
      onFocus={[Function]}
      onMouseLeave={[Function]}
      onMouseOver={[Function]}
      onTouchEnd={[Function]}
      onTouchStart={[Function]}
      title="dummy"
    >
      dummy
    </p>
  </div>
  <span
    className="MuiTouchRipple-root"
  />
</div>
`;
